{}
{"ceng213" : {}, "ceng351" : {"sec1" : "31", "sec2" : "32", "sec3" : "33", "sec4" : "34"}, "ceng435" : {"sec1" : "41", "sec2" : "42", "sec3" : "43", "sec4" : "44"}, "ceng453" : {"sec1" : "91"}, "ceng477" : {"sec1" : "71", "sec2" : "72", "sec3" : "73", "sec4" : "74"}}
