{"music" : {"bass" : "music;bass;res_high;25"}}
{"food" : {"chips" : "food;chips;res_low;10"}}
{"sports" : {"golf" : "sports;golf;res_low;30"}}
