{"food" : {"fish" : "food;fish;res_high;20", "nachos" : "food;nachos;res_high;20", "tacos" : "food;tacos;res_medium;15"}, "music" : {"drum" : "music;drum;res_low;15", "guitar" : "music;guitar;res_low;15", "harp" : "music;harp;res_medium;20", "piano" : "music;piano;res_medium;20"}, "sports" : {}}
